// Jest Snapshot v1, https://goo.gl/fbAQLP

exports[`mocha-loader works 1`] = `
"import \\"!!<PROJECT_ROOT>/src/web.js\\";
if(typeof window !== 'undefined' && window.initMochaPhantomJS) { window.initMochaPhantomJS(); }
mocha.setup({\\"ui\\":\\"bdd\\"});
import \\"!!<PROJECT_ROOT>/node_modules/process/browser.js\\"
import \\"!!<PROJECT_ROOT>/src/start.js\\";
if(module.hot) {
	module.hot.accept();
	module.hot.dispose(function() {
		mocha.suite.suites.length = 0;
		var stats = document.getElementById('mocha-stats');
		var report = document.getElementById('mocha-report');
		stats && stats.parentNode.removeChild(stats);
		report && report.parentNode.removeChild(report);
	});
}"
`;
